[DefClass {getMeta = fromList [("fileType","py")], getClassName = "Rocket"
, getClassConstr = Constr {getMeta = fromList [("fileType","py")], getClassConstrParams = ["x"], getClassConstrBody = [("speed",Atom {getMeta = fromList [("fileType","py")], getAtom = "x"})]}
, getClassFns = [Classfn {getMeta = fromList [("fileType","py")], getClassFnName = "lift_off", getClassFnParams = [], getClassFnBody = List {getMeta = fromList [("fileType","py")], getList = [Atom {getMeta = fromList [("fileType","py")], getAtom = "print"},List {getMeta = fromList [("fileType","py")], getList = [Atom {getMeta = fromList [("fileType","py")], getAtom = "+"},String {getMeta = fromList [("fileType","py")], getString = "I'm flying @"},Dot {getMeta = fromList [("fileType","py")], getDotObj = "speed", getDotProp = Atom {getMeta = fromList [("fileType","py")], getAtom = "this"}, getDotArgs = []},String {getMeta = fromList [("fileType","py")], getString = " speed"}]}]}}], getClassVars = []}
,Def {getMeta = fromList [("fileType","py")], getDefName = "r", getDefBody = New {getMeta = fromList [("fileType","py")], getNewClass = "Rocket", getNewArgs = [Number {getMeta = fromList [("fileType","py")], getNumber = 5}]}}
,List {getMeta = fromList [("fileType","py")], getList = [Atom {getMeta = fromList [("fileType","py")], getAtom = "print"},Atom {getMeta = fromList [("fileType","py")], getAtom = "r"}]}
,Dot {getMeta = fromList [("fileType","py")], getDotObj = "lift_off", getDotProp = Atom {getMeta = fromList [("fileType","py")], getAtom = "r"}, getDotArgs = [Atom {getMeta = fromList [("fileType","py")], getAtom = "null"}]}]
