[DefClass {getMeta = fromList [("fileType","py")], getClassName = "Rocket", getClassConstr = Constr {getMeta = fromList [("fileType","py")], getClassConstrParams = ["x"], getClassConstrBody = [("speed"
,Atom {getMeta = fromList [("fileType","py")], getAtom = "x"})]}, getClassFns = [Classfn {getMeta = fromList [("fileType","py")], getClassFnName = "lift_off", getClassFnParams = [], getClassFnBody = List {getMeta = fromList [("fileType","py")], getList = [Atom {getMeta = fromList [("fileType","py")], getAtom = "print"}
,List {getMeta = fromList [("fileType","py")], getList = [Atom {getMeta = fromList [("fileType","py")], getAtom = "+"}
,String {getMeta = fromList [("fileType","py")], getString = "I'm flying @ "}
,Dot {getMeta = fromList [("fileType","py")], getDotObj = "speed", getDotProp = Atom {getMeta = fromList [("fileType","py")], getAtom = "this"}, getDotArgs = []}
,String {getMeta = fromList [("fileType","py")], getString = " speed"}]}]}}
,Classfn {getMeta = fromList [("fileType","py")], getClassFnName = "toString", getClassFnParams = [], getClassFnBody = List {getMeta = fromList [("fileType","py")], getList = [Atom {getMeta = fromList [("fileType","py")], getAtom = "+"}
,String {getMeta = fromList [("fileType","py")], getString = "I'm a "}
,Dot {getMeta = fromList [("fileType","py")], getDotObj = "color", getDotProp = Atom {getMeta = fromList [("fileType","py")], getAtom = "this"}, getDotArgs = []}
,String {getMeta = fromList [("fileType","py")], getString = " rocket"}]}}], getClassVars = [Classvar {getMeta = fromList [("fileType","py")], getClassVarName = "color", getClassVarBody = String {getMeta = fromList [("fileType","py")], getString = "red"}}
,Classvar {getMeta = fromList [("fileType","py")], getClassVarName = "fuel", getClassVarBody = Number {getMeta = fromList [("fileType","py")], getNumber = 7}}]}
,Def {getMeta = fromList [("fileType","py")], getDefName = "r", getDefBody = New {getMeta = fromList [("fileType","py")], getNewClass = "Rocket", getNewArgs = [String {getMeta = fromList [("fileType","py")], getString = "5"}]}}
,List {getMeta = fromList [("fileType","py")], getList = [Atom {getMeta = fromList [("fileType","py")], getAtom = "print"}
,Dot {getMeta = fromList [("fileType","py")], getDotObj = "color", getDotProp = Atom {getMeta = fromList [("fileType","py")], getAtom = "r"}, getDotArgs = []}]}
,List {getMeta = fromList [("fileType","py")], getList = [Atom {getMeta = fromList [("fileType","py")], getAtom = "print"}
,Dot {getMeta = fromList [("fileType","py")], getDotObj = "speed", getDotProp = Atom {getMeta = fromList [("fileType","py")], getAtom = "r"}, getDotArgs = []}]}
,List {getMeta = fromList [("fileType","py")], getList = [Atom {getMeta = fromList [("fileType","py")], getAtom = "print"}
,Dot {getMeta = fromList [("fileType","py")], getDotObj = "toString", getDotProp = Atom {getMeta = fromList [("fileType","py")], getAtom = "r"}, getDotArgs = []}]}
,List {getMeta = fromList [("fileType","py")], getList = [Atom {getMeta = fromList [("fileType","py")], getAtom = "print"}
,Dot {getMeta = fromList [("fileType","py")], getDotObj = "fuel", getDotProp = Atom {getMeta = fromList [("fileType","py")], getAtom = "r"}, getDotArgs = []}]}
,Dot {getMeta = fromList [("fileType","py")], getDotObj = "lift_off", getDotProp = Atom {getMeta = fromList [("fileType","py")], getAtom = "r"}, getDotArgs = []}]