[DefClass {getMeta = fromList [("fileType","js")], getClassName = "Rocket"
, getClassConstr = Constr {getMeta = fromList [("fileType","js")], getClassConstrParams = ["x"], getClassConstrBody = [("speed",Atom {getMeta = fromList [("fileType","js")], getAtom = "x"})]}
, getClassFns = [Classfn {getMeta = fromList [("fileType","js")], getClassFnName = "lift_off", getClassFnParams = [], getClassFnBody = List {getMeta = fromList [("fileType","js")], getList = [Atom {getMeta = fromList [("fileType","js")], getAtom = "print"}
,List {getMeta = fromList [("fileType","js")], getList = [Atom {getMeta = fromList [("fileType","js")], getAtom = "+"},String {getMeta = fromList [("fileType","js")], getString = "I'm flying @"}
,Dot {getMeta = fromList [("fileType","js")], getDotObj = "speed", getDotProp = Atom {getMeta = fromList [("fileType","js")], getAtom = "this"}, getDotArgs = []},String {getMeta = fromList [("fileType","js")], getString = " speed"}]}]}}], getClassVars = []}
,Def {getMeta = fromList [("fileType","js")], getDefName = "r", getDefBody = New {getMeta = fromList [("fileType","js")], getNewClass = "Rocket", getNewArgs = [Number {getMeta = fromList [("fileType","js")], getNumber = 5}]}}
,List {getMeta = fromList [("fileType","js")], getList = [Atom {getMeta = fromList [("fileType","js")], getAtom = "print"},Atom {getMeta = fromList [("fileType","js")], getAtom = "r"}]}
,Dot {getMeta = fromList [("fileType","js")], getDotObj = "lift_off", getDotProp = Atom {getMeta = fromList [("fileType","js")], getAtom = "r"}, getDotArgs = []}]
