var x
var y = 2
var x = y
var x = loki.plus(1, 2)
var y = [1, 2]

var x
var x
var x

var x = 1
var x = 1
var x = 1

var y = function (x) {return loki.print(x)}
var z = function () {return loki.print("hello")}
var a = function () {return []}

var y = function (x) {return loki.print(x)}
var y = function (x) {return loki.print(x)}
var y = function (x) {return loki.print(x)}

loki.print(function () {return []}())
loki.print(function (x) {return []}(1))
loki.print(function (x) {return loki.print(x)}(4))
loki.print(function (x, y) {return []}(2, 5))
loki.print(function (x, y) {return loki.print(loki.plus(x, y))}(1, 9))
loki.print(function (x, y, z) {loki.print("first");return loki.print(loki.plus(x, y, z))}(1, 1, 1))
loki.print(function (x) {return loki.print(x)}(7))
loki.print(function (x) {return loki.print(x)}(12))