[Def {getMeta = fromList [("fileType","js")], getDefName = "x", getDefBody = LkiNothing {getMeta = fromList [("fileType","js")]}}
,Def {getMeta = fromList [("fileType","js")], getDefName = "y", getDefBody = Number {getMeta = fromList [("fileType","js")], getNumber = 2}}
,Def {getMeta = fromList [("fileType","js")], getDefName = "x", getDefBody = Atom {getMeta = fromList [("fileType","js")], getAtom = "y"}}
,Def {getMeta = fromList [("fileType","js")], getDefName = "x", getDefBody = List {getMeta = fromList [("fileType","js")], getList = [Atom {getMeta = fromList [("fileType","js")], getAtom = "+"},Number {getMeta = fromList [("fileType","js")], getNumber = 1},Number {getMeta = fromList [("fileType","js")], getNumber = 2}]}}
,Def {getMeta = fromList [("fileType","js")], getDefName = "y", getDefBody = List {getMeta = fromList [("fileType","js")], getList = [Number {getMeta = fromList [("fileType","js")], getNumber = 1},Number {getMeta = fromList [("fileType","js")], getNumber = 2}]}}
,Def {getMeta = fromList [("fileType","js")], getDefName = "x", getDefBody = LkiNothing {getMeta = fromList [("fileType","js")]}}
,Def {getMeta = fromList [("fileType","js")], getDefName = "x", getDefBody = LkiNothing {getMeta = fromList [("fileType","js")]}}
,Def {getMeta = fromList [("fileType","js")], getDefName = "x", getDefBody = LkiNothing {getMeta = fromList [("fileType","js")]}}
,Def {getMeta = fromList [("fileType","js")], getDefName = "x", getDefBody = Number {getMeta = fromList [("fileType","js")], getNumber = 1}}
,Def {getMeta = fromList [("fileType","js")], getDefName = "x", getDefBody = Number {getMeta = fromList [("fileType","js")], getNumber = 1}}
,Def {getMeta = fromList [("fileType","js")], getDefName = "x", getDefBody = Number {getMeta = fromList [("fileType","js")], getNumber = 1}}
,Def {getMeta = fromList [("fileType","js")], getDefName = "y", getDefBody = Fn {getMeta = fromList [("fileType","js")], getFnArgs = ["x"], getFnBody = [List {getMeta = fromList [("fileType","js")], getList = [Atom {getMeta = fromList [("fileType","js")], getAtom = "print"},Atom {getMeta = fromList [("fileType","js")], getAtom = "x"}]}]}}
,Def {getMeta = fromList [("fileType","js")], getDefName = "z", getDefBody = Fn {getMeta = fromList [("fileType","js")], getFnArgs = [], getFnBody = [List {getMeta = fromList [("fileType","js")], getList = [Atom {getMeta = fromList [("fileType","js")], getAtom = "print"},String {getMeta = fromList [("fileType","js")], getString = "hello"}]}]}}
,Def {getMeta = fromList [("fileType","js")], getDefName = "a", getDefBody = Fn {getMeta = fromList [("fileType","js")], getFnArgs = [], getFnBody = [List {getMeta = fromList [("fileType","js")], getList = []}]}}
,Def {getMeta = fromList [("fileType","js")], getDefName = "y", getDefBody = Fn {getMeta = fromList [("fileType","js")], getFnArgs = ["x"], getFnBody = [List {getMeta = fromList [("fileType","js")], getList = [Atom {getMeta = fromList [("fileType","js")], getAtom = "print"},Atom {getMeta = fromList [("fileType","js")], getAtom = "x"}]}]}}
,Def {getMeta = fromList [("fileType","js")], getDefName = "y", getDefBody = Fn {getMeta = fromList [("fileType","js")], getFnArgs = ["x"], getFnBody = [List {getMeta = fromList [("fileType","js")], getList = [Atom {getMeta = fromList [("fileType","js")], getAtom = "print"},Atom {getMeta = fromList [("fileType","js")], getAtom = "x"}]}]}}
,Def {getMeta = fromList [("fileType","js")], getDefName = "y", getDefBody = Fn {getMeta = fromList [("fileType","js")], getFnArgs = ["x"], getFnBody = [List {getMeta = fromList [("fileType","js")], getList = [Atom {getMeta = fromList [("fileType","js")], getAtom = "print"},Atom {getMeta = fromList [("fileType","js")], getAtom = "x"}]}]}}
,Fn {getMeta = fromList [("fileType","js")], getFnArgs = [], getFnBody = [List {getMeta = fromList [("fileType","js")], getList = []}]}
,Fn {getMeta = fromList [("fileType","js")], getFnArgs = ["x"], getFnBody = [List {getMeta = fromList [("fileType","js")], getList = []}]}
,Fn {getMeta = fromList [("fileType","js")], getFnArgs = ["x"], getFnBody = [List {getMeta = fromList [("fileType","js")], getList = [Atom {getMeta = fromList [("fileType","js")], getAtom = "print"},Atom {getMeta = fromList [("fileType","js")], getAtom = "x"}]}]}
,Fn {getMeta = fromList [("fileType","js")], getFnArgs = ["x","y"], getFnBody = [List {getMeta = fromList [("fileType","js")], getList = []}]}
,Fn {getMeta = fromList [("fileType","js")], getFnArgs = ["x","y"], getFnBody = [List {getMeta = fromList [("fileType","js")], getList = [Atom {getMeta = fromList [("fileType","js")], getAtom = "print"},List {getMeta = fromList [("fileType","js")], getList = [Atom {getMeta = fromList [("fileType","js")], getAtom = "+"},Atom {getMeta = fromList [("fileType","js")], getAtom = "x"},Atom {getMeta = fromList [("fileType","js")], getAtom = "y"}]}]}]}
,Fn {getMeta = fromList [("fileType","js")], getFnArgs = ["x","y","z"], getFnBody = [List {getMeta = fromList [("fileType","js")], getList = [Atom {getMeta = fromList [("fileType","js")], getAtom = "print"},String {getMeta = fromList [("fileType","js")], getString = "first"}]},List {getMeta = fromList [("fileType","js")], getList = [Atom {getMeta = fromList [("fileType","js")], getAtom = "print"},List {getMeta = fromList [("fileType","js")], getList = [Atom {getMeta = fromList [("fileType","js")], getAtom = "+"},Atom {getMeta = fromList [("fileType","js")], getAtom = "x"},Atom {getMeta = fromList [("fileType","js")], getAtom = "y"},Atom {getMeta = fromList [("fileType","js")], getAtom = "z"}]}]}]}
,Fn {getMeta = fromList [("fileType","js")], getFnArgs = ["x"], getFnBody = [List {getMeta = fromList [("fileType","js")], getList = [Atom {getMeta = fromList [("fileType","js")], getAtom = "print"},Atom {getMeta = fromList [("fileType","js")], getAtom = "x"}]}]}
,Fn {getMeta = fromList [("fileType","js")], getFnArgs = ["x"], getFnBody = [List {getMeta = fromList [("fileType","js")], getList = [Atom {getMeta = fromList [("fileType","js")], getAtom = "print"},Atom {getMeta = fromList [("fileType","js")], getAtom = "x"}]}]}
]
