[
Def (fromList [("fileType","js")]) "f" (PleaseIgnore (fromList [("fileType","js")])),
Def (fromList [("fileType","js")]) "f" (PleaseIgnore (fromList [("fileType","js")])),
Def (fromList [("fileType","js")]) "f" (PleaseIgnore (fromList [("fileType","js")])),
Def (fromList [("fileType","js")]) "f" (Number (fromList [("fileType","js")]) 1),
Def (fromList [("fileType","js")]) "f" (Number (fromList [("fileType","js")]) 2),
Fn (fromList [("fileType","js")]) [] [],
Fn (fromList [("fileType","js")]) [] [],
Fn (fromList [("fileType","js")]) [] [],
Fn (fromList [("fileType","js")]) [] [Number (fromList [("fileType","js")]) 3],
Fn (fromList [("fileType","js")]) [] [Number (fromList [("fileType","js")]) 4]
]
