[List {getMeta = fromList [("fileType","js")], getList = [Atom {getMeta = fromList [("fileType","js")], getAtom = "print"}
,String {getMeta = fromList [("fileType","js")], getString = "TODO QUOTED"}]}
,List {getMeta = fromList [("fileType","js")], getList = [Atom {getMeta = fromList [("fileType","js")], getAtom = "print"}
,String {getMeta = fromList [("fileType","js")], getString = "js"}]}
,List {getMeta = fromList [("fileType","py")], getList = [Atom {getMeta = fromList [("fileType","js")], getAtom = "print"}
,String {getMeta = fromList [("fileType","js")], getString = "py"}]}
,List {getMeta = fromList [("fileType","js")], getList = [Atom {getMeta = fromList [("fileType","js")], getAtom = "print"}
,List {getMeta = fromList [("fileType","js")], getList = [Atom {getMeta = fromList [("fileType","js")], getAtom = "-"}
,Atom {getMeta = fromList [("fileType","py")], getAtom = "+"}
,Number {getMeta = fromList [("fileType","js")], getNumber = 1}
,Number {getMeta = fromList [("fileType","js")], getNumber = 2}
,Number {getMeta = fromList [("fileType","js")], getNumber = 3}]}]}
,List {getMeta = fromList [("fileType","js")], getList = [Atom {getMeta = fromList [("fileType","js")], getAtom = "if"}
,List {getMeta = fromList [("fileType","js")], getList = [Atom {getMeta = fromList [("fileType","js")], getAtom = "<"}
,Number {getMeta = fromList [("fileType","js")], getNumber = 1}
,Number {getMeta = fromList [("fileType","js")], getNumber = 2}]}
,List {getMeta = fromList [("fileType","js")], getList = [Atom {getMeta = fromList [("fileType","js")], getAtom = "print"}
,String {getMeta = fromList [("fileType","js")], getString = "print this!"}]}
,List {getMeta = fromList [("fileType","js")], getList = [Atom {getMeta = fromList [("fileType","js")], getAtom = "print"}
,String {getMeta = fromList [("fileType","js")], getString = "do not print this!"}]}]}
,Def {getMeta = fromList [("fileType","js")], getDefName = "x", getDefBody = Number {getMeta = fromList [("fileType","js")], getNumber = 5}}
,List {getMeta = fromList [("fileType","js")], getList = [Atom {getMeta = fromList [("fileType","js")], getAtom = "if"}
,List {getMeta = fromList [("fileType","js")], getList = [Atom {getMeta = fromList [("fileType","js")], getAtom = ">"}
,Atom {getMeta = fromList [("fileType","js")], getAtom = "x"}
,Number {getMeta = fromList [("fileType","js")], getNumber = 10}]}
,List {getMeta = fromList [("fileType","js")], getList = [Atom {getMeta = fromList [("fileType","js")], getAtom = "print"}
,String {getMeta = fromList [("fileType","js")], getString = "this is wrong"}]}
,List {getMeta = fromList [("fileType","js")], getList = [Atom {getMeta = fromList [("fileType","js")], getAtom = "print"}
,String {getMeta = fromList [("fileType","js")], getString = "this is right"}]}]}
,List {getMeta = fromList [("fileType","js")], getList = [Atom {getMeta = fromList [("fileType","js")], getAtom = "print"}
,Atom {getMeta = fromList [("fileType","js")], getAtom = "x"}]}
,List {getMeta = fromList [("fileType","js")], getList = [Atom {getMeta = fromList [("fileType","js")], getAtom = "set"}
,Atom {getMeta = fromList [("fileType","js")], getAtom = "x"}
,Number {getMeta = fromList [("fileType","js")], getNumber = 7}]}
,List {getMeta = fromList [("fileType","js")], getList = [Atom {getMeta = fromList [("fileType","js")], getAtom = "print"}
,Atom {getMeta = fromList [("fileType","js")], getAtom = "x"}]}
,DefClass {getMeta = fromList [("fileType","js")], getClassName = "Rocket", getClassConstr = Constr {getMeta = fromList [("fileType","js")], getClassConstrParams = ["x"], getClassConstrBody = [("speed"
,Atom {getMeta = fromList [("fileType","js")], getAtom = "x"})]}, getClassFns = [Classfn {getMeta = fromList [("fileType","js")], getClassFnName = "lift_off", getClassFnParams = [], getClassFnBody = List {getMeta = fromList [("fileType","js")], getList = [Atom {getMeta = fromList [("fileType","js")], getAtom = "print"}
,List {getMeta = fromList [("fileType","js")], getList = [Atom {getMeta = fromList [("fileType","js")], getAtom = "+"}
,String {getMeta = fromList [("fileType","js")], getString = "I'm flying @ "}
,Dot {getMeta = fromList [("fileType","js")], getDotObj = "speed", getDotProp = Atom {getMeta = fromList [("fileType","js")], getAtom = "this"}, getDotArgs = []}
,String {getMeta = fromList [("fileType","js")], getString = " speed"}]}]}}
,Classfn {getMeta = fromList [("fileType","js")], getClassFnName = "toString", getClassFnParams = [], getClassFnBody = List {getMeta = fromList [("fileType","js")], getList = [Atom {getMeta = fromList [("fileType","js")], getAtom = "+"}
,String {getMeta = fromList [("fileType","js")], getString = "I'm a "}
,Dot {getMeta = fromList [("fileType","js")], getDotObj = "color", getDotProp = Atom {getMeta = fromList [("fileType","js")], getAtom = "this"}, getDotArgs = []}
,String {getMeta = fromList [("fileType","js")], getString = " rocket"}]}}], getClassVars = [Classvar {getMeta = fromList [("fileType","js")], getClassVarName = "color", getClassVarBody = String {getMeta = fromList [("fileType","js")], getString = "red"}}
,Classvar {getMeta = fromList [("fileType","js")], getClassVarName = "fuel", getClassVarBody = Number {getMeta = fromList [("fileType","js")], getNumber = 7}}]}
,Def {getMeta = fromList [("fileType","js")], getDefName = "r", getDefBody = New {getMeta = fromList [("fileType","js")], getNewClass = "Rocket", getNewArgs = [Number {getMeta = fromList [("fileType","js")], getNumber = 7}]}}
,List {getMeta = fromList [("fileType","js")], getList = [Atom {getMeta = fromList [("fileType","js")], getAtom = "print"}
,Dot {getMeta = fromList [("fileType","js")], getDotObj = "speed", getDotProp = Atom {getMeta = fromList [("fileType","js")], getAtom = "r"}, getDotArgs = []}]}
,List {getMeta = fromList [("fileType","js")], getList = [Atom {getMeta = fromList [("fileType","js")], getAtom = "setp"}
,Atom {getMeta = fromList [("fileType","js")], getAtom = "r"}
,Atom {getMeta = fromList [("fileType","js")], getAtom = "speed"}
,Number {getMeta = fromList [("fileType","js")], getNumber = 10}]}
,List {getMeta = fromList [("fileType","js")], getList = [Atom {getMeta = fromList [("fileType","js")], getAtom = "print"}
,Dot {getMeta = fromList [("fileType","js")], getDotObj = "speed", getDotProp = Atom {getMeta = fromList [("fileType","js")], getAtom = "r"}, getDotArgs = []}]}]