loki.print("TODO QUOTED")

loki.print("js")
loki.print(loki.minus(1, 2, 3))

(loki.lt(1, 2)?loki.print("print this!"):loki.print("do not print this!"))

var x = 5
(loki.gt(x, 10)?loki.print("this is wrong"):loki.print("this is right"))

for (x in loki.range(3)){
loki.print(x)
}

loki.print(x)
x = 7
loki.print(x)

Rocket.prototype.constructor = Rocket;
function Rocket(x) {this.color = "red";this.fuel = 7;this.speed = x};
Rocket.prototype.lift_off = function() { return loki.print(loki.plus("I'm flying @ ", (typeof this.speed === "function" ? this.speed() : this.speed), " speed"))};
Rocket.prototype.toString = function() { return loki.plus("I'm a ", (typeof this.color === "function" ? this.color() : this.color), " rocket")};

var r = new Rocket(7)
loki.print((typeof r.speed === "function" ? r.speed() : r.speed))
r.speed = 10
loki.print((typeof r.speed === "function" ? r.speed() : r.speed))
