Loki.printf("TODO QUOTED")

Loki.printf("py")

(Loki.printf("print this!") if Loki.lt(1, 2) else Loki.printf("do not print this!"))

x = 5
(Loki.printf("this is wrong") if Loki.gt(x, 10) else Loki.printf("this is right"))

for x in Loki.range(3):
    Loki.printf(x)
for x in Loki.range(3):
    Loki.printf("x")
    Loki.printf(x)
    for y in Loki.range(3):
        Loki.printf("y")
        Loki.printf(y)

Loki.printf(x)
x = 7
Loki.printf(x)

class Rocket():
    def __init__(self, x):
        self.speed = x
    color = "red"
    fuel = 7
    def lift_off (self):
        return Loki.printf(Loki.plus("I'm flying @ ", (self.speed() if callable(self.speed) else self.speed), " speed"))
    def toString (self):
        return Loki.plus("I'm a ", (self.color() if callable(self.color) else self.color), " rocket")

r = Rocket(7)
Loki.printf((r.speed() if callable(r.speed) else r.speed))
r.speed = 10
Loki.printf((r.speed() if callable(r.speed) else r.speed))
